I'm sorry, but errors were detected in your script. Please correct the
errors listed below, and try again.


File "game/images.rpy", line 32: is not terminated with a newline. (Check strings and parenthesis.)
    image papyrusImg serious flip = im.Flip("papyrus/serious.png"

Ren'Py Version: Ren'Py 6.99.12.2.2029
